Release 14.7 - xst P.20131013 (lin64)
Copyright (c) 1995-2013 Xilinx, Inc.  All rights reserved.
--> 
Parameter TMPDIR set to xst/projnav.tmp


Total REAL time to Xst completion: 0.00 secs
Total CPU time to Xst completion: 0.12 secs
 
--> 
Parameter xsthdpdir set to xst


Total REAL time to Xst completion: 0.00 secs
Total CPU time to Xst completion: 0.12 secs
 
--> 
Reading design: toplevel.prj

TABLE OF CONTENTS
  1) Synthesis Options Summary
  2) HDL Compilation
  3) Design Hierarchy Analysis
  4) HDL Analysis
  5) HDL Synthesis
     5.1) HDL Synthesis Report
  6) Advanced HDL Synthesis
     6.1) Advanced HDL Synthesis Report
  7) Low Level Synthesis
  8) Partition Report
  9) Final Report
	9.1) Device utilization summary
	9.2) Partition Resource Summary
	9.3) TIMING REPORT


=========================================================================
*                      Synthesis Options Summary                        *
=========================================================================
---- Source Parameters
Input File Name                    : "toplevel.prj"
Input Format                       : mixed
Ignore Synthesis Constraint File   : NO

---- Target Parameters
Output File Name                   : "toplevel"
Output Format                      : NGC
Target Device                      : xc3s200-4-ft256

---- Source Options
Top Module Name                    : toplevel
Automatic FSM Extraction           : YES
FSM Encoding Algorithm             : Auto
Safe Implementation                : No
FSM Style                          : LUT
RAM Extraction                     : Yes
RAM Style                          : Auto
ROM Extraction                     : Yes
Mux Style                          : Auto
Decoder Extraction                 : YES
Priority Encoder Extraction        : Yes
Shift Register Extraction          : YES
Logical Shifter Extraction         : YES
XOR Collapsing                     : YES
ROM Style                          : Auto
Mux Extraction                     : Yes
Resource Sharing                   : YES
Asynchronous To Synchronous        : NO
Multiplier Style                   : Auto
Automatic Register Balancing       : No

---- Target Options
Add IO Buffers                     : YES
Global Maximum Fanout              : 100000
Add Generic Clock Buffer(BUFG)     : 8
Register Duplication               : YES
Slice Packing                      : YES
Optimize Instantiated Primitives   : NO
Use Clock Enable                   : Yes
Use Synchronous Set                : Yes
Use Synchronous Reset              : Yes
Pack IO Registers into IOBs        : Auto
Equivalent register Removal        : YES

---- General Options
Optimization Goal                  : Speed
Optimization Effort                : 1
Keep Hierarchy                     : No
Netlist Hierarchy                  : As_Optimized
RTL Output                         : Yes
Global Optimization                : AllClockNets
Read Cores                         : YES
Write Timing Constraints           : NO
Cross Clock Analysis               : NO
Hierarchy Separator                : /
Bus Delimiter                      : <>
Case Specifier                     : Maintain
Slice Utilization Ratio            : 100
BRAM Utilization Ratio             : 100
Verilog 2001                       : YES
Auto BRAM Packing                  : NO
Slice Utilization Ratio Delta      : 5

=========================================================================


=========================================================================
*                          HDL Compilation                              *
=========================================================================
Compiling vhdl file "/home/db1086/Desktop/eidmde_git/vhdlstuff/erste_schritte_in_vhdl__loesung/rtl/and_gate.vhd" in Library work.
Architecture behavioral of Entity and_gate is up to date.
Compiling vhdl file "/home/db1086/Desktop/eidmde_git/vhdlstuff/erste_schritte_in_vhdl__loesung/rtl/or_gate.vhd" in Library work.
Architecture behavioral of Entity or_gate is up to date.
Compiling vhdl file "/home/db1086/Desktop/eidmde_git/vhdlstuff/erste_schritte_in_vhdl__loesung/rtl/not_gate.vhd" in Library work.
Architecture behavioral of Entity not_gate is up to date.
Compiling vhdl file "/home/db1086/Desktop/eidmde_git/vhdlstuff/erste_schritte_in_vhdl__loesung/rtl/schaltung_a.vhd" in Library work.
Architecture behavioral of Entity schaltung_a is up to date.
Compiling vhdl file "/home/db1086/Desktop/eidmde_git/vhdlstuff/erste_schritte_in_vhdl__loesung/rtl/schaltung_b.vhd" in Library work.
Architecture behavioral of Entity schaltung_b is up to date.
Compiling vhdl file "/home/db1086/Desktop/eidmde_git/vhdlstuff/erste_schritte_in_vhdl__loesung/rtl/toplevel.vhd" in Library work.
Entity <toplevel> compiled.
Entity <toplevel> (Architecture <behav>) compiled.

=========================================================================
*                     Design Hierarchy Analysis                         *
=========================================================================
Analyzing hierarchy for entity <toplevel> in library <work> (architecture <behav>).

Analyzing hierarchy for entity <schaltung_a> in library <work> (architecture <Behavioral>).

Analyzing hierarchy for entity <schaltung_b> in library <work> (architecture <Behavioral>).

Analyzing hierarchy for entity <and_gate> in library <work> (architecture <Behavioral>).

Analyzing hierarchy for entity <or_gate> in library <work> (architecture <Behavioral>).

Analyzing hierarchy for entity <not_gate> in library <work> (architecture <Behavioral>).


=========================================================================
*                            HDL Analysis                               *
=========================================================================
Analyzing Entity <toplevel> in library <work> (Architecture <behav>).
Entity <toplevel> analyzed. Unit <toplevel> generated.

Analyzing Entity <schaltung_a> in library <work> (Architecture <Behavioral>).
Entity <schaltung_a> analyzed. Unit <schaltung_a> generated.

Analyzing Entity <and_gate> in library <work> (Architecture <Behavioral>).
Entity <and_gate> analyzed. Unit <and_gate> generated.

Analyzing Entity <or_gate> in library <work> (Architecture <Behavioral>).
Entity <or_gate> analyzed. Unit <or_gate> generated.

Analyzing Entity <not_gate> in library <work> (Architecture <Behavioral>).
Entity <not_gate> analyzed. Unit <not_gate> generated.

Analyzing Entity <schaltung_b> in library <work> (Architecture <Behavioral>).
Entity <schaltung_b> analyzed. Unit <schaltung_b> generated.


=========================================================================
*                           HDL Synthesis                               *
=========================================================================

Performing bidirectional port resolution...

Synthesizing Unit <schaltung_b>.
    Related source file is "/home/db1086/Desktop/eidmde_git/vhdlstuff/erste_schritte_in_vhdl__loesung/rtl/schaltung_b.vhd".
Unit <schaltung_b> synthesized.


Synthesizing Unit <and_gate>.
    Related source file is "/home/db1086/Desktop/eidmde_git/vhdlstuff/erste_schritte_in_vhdl__loesung/rtl/and_gate.vhd".
Unit <and_gate> synthesized.


Synthesizing Unit <or_gate>.
    Related source file is "/home/db1086/Desktop/eidmde_git/vhdlstuff/erste_schritte_in_vhdl__loesung/rtl/or_gate.vhd".
Unit <or_gate> synthesized.


Synthesizing Unit <not_gate>.
    Related source file is "/home/db1086/Desktop/eidmde_git/vhdlstuff/erste_schritte_in_vhdl__loesung/rtl/not_gate.vhd".
Unit <not_gate> synthesized.


Synthesizing Unit <schaltung_a>.
    Related source file is "/home/db1086/Desktop/eidmde_git/vhdlstuff/erste_schritte_in_vhdl__loesung/rtl/schaltung_a.vhd".
WARNING:Xst:1780 - Signal <abcd> is never used or assigned. This unconnected signal will be trimmed during the optimization process.
Unit <schaltung_a> synthesized.


Synthesizing Unit <toplevel>.
    Related source file is "/home/db1086/Desktop/eidmde_git/vhdlstuff/erste_schritte_in_vhdl__loesung/rtl/toplevel.vhd".
WARNING:Xst:2565 - Inout <LEDS<4>> is never assigned.
WARNING:Xst:2565 - Inout <LEDS<5>> is never assigned.
WARNING:Xst:2565 - Inout <LEDS<6>> is never assigned.
Unit <toplevel> synthesized.


=========================================================================
HDL Synthesis Report

Found no macro
=========================================================================

=========================================================================
*                       Advanced HDL Synthesis                          *
=========================================================================


=========================================================================
Advanced HDL Synthesis Report

Found no macro
=========================================================================

=========================================================================
*                         Low Level Synthesis                           *
=========================================================================

Optimizing unit <toplevel> ...

Mapping all equations...
Building and optimizing final netlist ...
Found area constraint ratio of 100 (+ 5) on block toplevel, actual ratio is 0.

Final Macro Processing ...

=========================================================================
Final Register Report

Found no macro
=========================================================================

=========================================================================
*                           Partition Report                            *
=========================================================================

Partition Implementation Status
-------------------------------

  No Partitions were found in this design.

-------------------------------

=========================================================================
*                            Final Report                               *
=========================================================================
Final Results
RTL Top Level Output File Name     : toplevel.ngr
Top Level Output File Name         : toplevel
Output Format                      : NGC
Optimization Goal                  : Speed
Keep Hierarchy                     : No

Design Statistics
# IOs                              : 16

Cell Usage :
# BELS                             : 2
#      LUT4                        : 2
# IO Buffers                       : 13
#      IBUF                        : 8
#      OBUF                        : 5
=========================================================================

Device utilization summary:
---------------------------

Selected Device : 3s200ft256-4 

 Number of Slices:                        1  out of   1920     0%  
 Number of 4 input LUTs:                  2  out of   3840     0%  
 Number of IOs:                          16
 Number of bonded IOBs:                  13  out of    173     7%  

---------------------------
Partition Resource Summary:
---------------------------

  No Partitions were found in this design.

---------------------------


=========================================================================
TIMING REPORT

NOTE: THESE TIMING NUMBERS ARE ONLY A SYNTHESIS ESTIMATE.
      FOR ACCURATE TIMING INFORMATION PLEASE REFER TO THE TRACE REPORT
      GENERATED AFTER PLACE-and-ROUTE.

Clock Information:
------------------
No clock signals found in this design

Asynchronous Control Signals Information:
----------------------------------------
No asynchronous control signals found in this design

Timing Summary:
---------------
Speed Grade: -4

   Minimum period: No path found
   Minimum input arrival time before clock: No path found
   Maximum output required time after clock: No path found
   Maximum combinational path delay: 9.073ns

Timing Detail:
--------------
All values displayed in nanoseconds (ns)

=========================================================================
Timing constraint: Default path analysis
  Total number of paths / destination ports: 20 / 5
-------------------------------------------------------------------------
Delay:               9.073ns (Levels of Logic = 3)
  Source:            SWITCHES<3> (PAD)
  Destination:       LEDS<0> (PAD)

  Data Path: SWITCHES<3> to LEDS<0>
                                Gate     Net
    Cell:in->out      fanout   Delay   Delay  Logical Name (Net Name)
    ----------------------------------------  ------------
     IBUF:I->O             1   0.821   1.140  SWITCHES_3_IBUF (SWITCHES_3_IBUF)
     LUT4:I0->O            4   0.551   0.917  my_schaltung_a/and2/C1 (LEDS_3_OBUF)
     OBUF:I->O                 5.644          LEDS_0_OBUF (LEDS<0>)
    ----------------------------------------
    Total                      9.073ns (7.016ns logic, 2.057ns route)
                                       (77.3% logic, 22.7% route)

=========================================================================


Total REAL time to Xst completion: 6.00 secs
Total CPU time to Xst completion: 2.70 secs
 
--> 


Total memory usage is 513564 kilobytes

Number of errors   :    0 (   0 filtered)
Number of warnings :    4 (   0 filtered)
Number of infos    :    0 (   0 filtered)

