EN schaltung_b NULL /home/db1086/Desktop/eidmde_git/vhdlstuff/erste_schritte_in_vhdl__loesung/rtl/schaltung_b.vhd sub00/vhpl00 1627462704
AR schaltung_b behavioral /home/db1086/Desktop/eidmde_git/vhdlstuff/erste_schritte_in_vhdl__loesung/rtl/schaltung_b.vhd sub00/vhpl01 1627462705
EN toplevel NULL /home/db1086/Desktop/eidmde_git/vhdlstuff/erste_schritte_in_vhdl__loesung/rtl/toplevel.vhd sub00/vhpl02 1627462706
AR toplevel behav /home/db1086/Desktop/eidmde_git/vhdlstuff/erste_schritte_in_vhdl__loesung/rtl/toplevel.vhd sub00/vhpl03 1627462707
