V3 7
FL /home/db1086/Desktop/erste_schritte_in_vhdl__loesung/rtl/schaltung_b.vhd 2020/08/05.23:17:24 P.20131013
EN work/schaltung_b 1622553537 \
      FL /home/db1086/Desktop/erste_schritte_in_vhdl__loesung/rtl/schaltung_b.vhd \
      PB ieee/std_logic_1164 1381692176
AR work/schaltung_b/Behavioral 1622553538 \
      FL /home/db1086/Desktop/erste_schritte_in_vhdl__loesung/rtl/schaltung_b.vhd \
      EN work/schaltung_b 1622553537
FL /home/db1086/Desktop/erste_schritte_in_vhdl__loesung/rtl/toplevel.vhd 2021/06/01.15:18:50 P.20131013
EN work/toplevel 1622553539 \
      FL /home/db1086/Desktop/erste_schritte_in_vhdl__loesung/rtl/toplevel.vhd \
      PB ieee/std_logic_1164 1381692176 PB ieee/std_logic_misc 1381692178 \
      PB ieee/NUMERIC_STD 1381692181
AR work/toplevel/behav 1622553540 \
      FL /home/db1086/Desktop/erste_schritte_in_vhdl__loesung/rtl/toplevel.vhd \
      EN work/toplevel 1622553539 CP work/schaltung_b
